[jasurveying.com.au/index.html]
[backblue.gif]
[fade.gif]
[index.html]
[jasurveying.com.au/wp-content/plugins/cleantalk-spam-protect/css/cleantalk-public.min0509.css]
[jasurveying.com.au/feed/index.html]
[jasurveying.com.au/wp-content/plugins/cleantalk-spam-protect/css/cleantalk-email-decoder.min0509.css]
[jasurveying.com.au/wp-content/themes/Divi/includes/builder/styles/images/preloader.gif]
[jasurveying.com.au/wp-content/themes/Divi/core/admin/fonts/modules/base/modules.eot]
[jasurveying.com.au/wp-content/themes/Divi/core/admin/fonts/fontawesome/fa-regular-400.eot]
[jasurveying.com.au/wp-content/et-cache/10/et-divi-dynamic-tb-195-10ca6a.css]
[jasurveying.com.au/comments/feed/index.html]
[jasurveying.com.au/wp-content/plugins/cleantalk-spam-protect/js/apbct-public-bundle_comm-func.min9fbe.js]
[moderate.cleantalk.org/ct-bot-detector-wrappercab1.js]
[jasurveying.com.au/wp-json/index.html]
[jasurveying.com.au/wp-json/oembed/1.0/embed156d.json]
[jasurveying.com.au/wp-json/oembed/1.0/embedc0a2]
[jasurveying.com.au/wp-content/uploads/2021/05/cropped-JAS-favicon-32x32.jpg]
[jasurveying.com.au/wp-content/uploads/2021/05/cropped-JAS-favicon-192x192.jpg]
[jasurveying.com.au/wp-content/uploads/2021/05/cropped-JAS-favicon-180x180.jpg]
[jasurveying.com.au/wp-content/uploads/2022/12/new-homepage-scaled-e1671425599239.jpg]
[jasurveying.com.au/wp-content/et-cache/10/et-core-unified-10.min1937.css]
[jasurveying.com.au/wp-content/et-cache/10/et-core-unified-tb-195-deferred-10.min1937.css]
[jasurveying.com.au/wp-content/uploads/2021/04/J.A.S-Logo_-Print.png]
[jasurveying.com.au/wp-content/uploads/2021/04/building-roads-civil-infrastructure.svg]
[jasurveying.com.au/wp-content/uploads/2021/04/property-development-subdivisions.svg]
[jasurveying.com.au/about/index.html]
[jasurveying.com.au/services/index.html]
[jasurveying.com.au/wp-content/uploads/2021/04/buying-building-house.svg]
[jasurveying.com.au/services/aerial-drone-surveying/index.html]
[jasurveying.com.au/wp-content/uploads/2021/04/boundary-disputes.svg]
[jasurveying.com.au/services/building-roads-civil-infrastructure/index.html]
[jasurveying.com.au/services/buying-or-building-a-house/index.html]
[jasurveying.com.au/services/property-development-subdivisions/index.html]
[jasurveying.com.au/services/boundary-dispute/index.html]
[jasurveying.com.au/what-to-expect/index.html]
[jasurveying.com.au/faq/index.html]
[jasurveying.com.au/careers/index.html]
[jasurveying.com.au/wp-content/uploads/2021/04/surveyor-snowy-mountains.jpg]
[jasurveying.com.au/wp-content/uploads/2021/04/J.A.S-Logo_-Print-300x300.png]
[jasurveying.com.au/wp-content/uploads/2021/04/phone.svg]
[jasurveying.com.au/wp-content/uploads/2021/04/email.svg]
[jasurveying.com.au/wp-content/uploads/2021/04/time.svg]
[jasurveying.com.au/wp-content/uploads/2022/12/Australian_Aboriginal_Flag.svg.png]
[jasurveying.com.au/wp-content/uploads/2021/04/facebook.svg]
[jasurveying.com.au/wp-content/uploads/2021/04/instagram.svg]
[jasurveying.com.au/wp-content/uploads/2021/04/linkedin.svg]
[jasurveying.com.au/wp-content/uploads/2021/04/location.svg]
[jasurveying.com.au/wp-includes/js/jquery/jquery.minf43b.js]
[jasurveying.com.au/wp-includes/js/jquery/jquery-migrate.min5589.js]
[jasurveying.com.au/wp-content/themes/Divi/js/scripts.min41c1.js]
[jasurveying.com.au/wp-content/themes/Divi/includes/builder/feature/dynamic-assets/assets/js/jquery.fitvids41c1.js]
[jasurveying.com.au/wp-content/themes/Divi/core/admin/js/common41c1.js]
[jasurveying.com.au/index.html]
[jasurveying.com.au/xmlrpc.html]
[jasurveying.com.au/wp-content/themes/Divi/includes/builder/feature/dynamic-assets/assets/js/motion-effects41c1.js]
[jasurveying.com.au/wp-content/plugins/cleantalk-spam-protect/css/images/checking_email.gif]
[jasurveying.com.au/wp-content/plugins/cleantalk-spam-protect/css/images/good_email.svg]
[jasurveying.com.au/wp-content/plugins/cleantalk-spam-protect/css/images/bad_email.svg]
[jasurveying.com.au/wp-content/plugins/cleantalk-spam-protect/css/cleantalk-public.min0509.css]
[jasurveying.com.au/wp-content/plugins/cleantalk-spam-protect/css/cleantalk-email-decoder.min0509.css]
[jasurveying.com.au/wp-content/et-cache/10/et-divi-dynamic-tb-195-10ca6a.css]
[jasurveying.com.au/wp-json/wp/v2/pages/10.html]
[jasurveying.com.au/xmlrpc0db0.html]
[jasurveying.com.au/wp-content/et-cache/10/et-core-unified-10.min1937.css]
[jasurveying.com.au/wp-content/uploads/2021/04/atkinson-family.jpg]
[jasurveying.com.au/wp-content/et-cache/10/et-core-unified-tb-195-deferred-10.min1937.css]
[jasurveying.com.au/wp-content/et-cache/256/et-divi-dynamic-tb-195-256e237.css]
[jasurveying.com.au/wp-json/oembed/1.0/embed4e46.json]
[jasurveying.com.au/wp-json/oembed/1.0/embed4b7f]
[jasurveying.com.au/wp-content/uploads/2022/12/About-crop-scaled-e1671423763278.jpg]
[jasurveying.com.au/wp-content/et-cache/256/et-core-unified-256.mine237.css]
[jasurveying.com.au/wp-content/et-cache/256/et-core-unified-tb-195-deferred-256.mine237.css]
[jasurveying.com.au/wp-content/uploads/2021/04/atkinson-family-cooma.jpg]
[jasurveying.com.au/wp-content/uploads/2023/03/Jack-web.jpg]
[jasurveying.com.au/wp-content/uploads/2023/03/Sarah-web.jpg]
[jasurveying.com.au/wp-content/uploads/2023/05/DK-3_pp-scaled.jpg]
[jasurveying.com.au/wp-content/uploads/2025/01/Connie-Website-scaled.jpg]
[jasurveying.com.au/wp-content/uploads/2025/01/Guy-Website-scaled.jpg]
[jasurveying.com.au/wp-content/uploads/2025/01/CODY-Website-scaled.jpg]
[jasurveying.com.au/wp-content/uploads/2025/06/R.png]
[jasurveying.com.au/about/index.html]
[jasurveying.com.au/wp-content/et-cache/258/et-divi-dynamic-tb-195-258-late3ff1.css]
[jasurveying.com.au/wp-content/et-cache/258/et-divi-dynamic-tb-195-2583ff1.css]
[jasurveying.com.au/wp-json/oembed/1.0/embedee51.json]
[jasurveying.com.au/wp-json/oembed/1.0/embed7ef7]
[jasurveying.com.au/wp-content/et-cache/258/et-core-unified-258.min0f53.css]
[jasurveying.com.au/wp-content/et-cache/258/et-core-unified-tb-195-deferred-258.min0f53.css]
[jasurveying.com.au/wp-content/uploads/2022/12/Service-page-1-scaled-e1671426372883.jpg]
[jasurveying.com.au/services/building-roads-and-civil-infrastructure]
[jasurveying.com.au/wp-content/uploads/2021/05/building-roads-civil-infrastructure-small.jpg]
[jasurveying.com.au/services/property-development-and-subdivisions.4a.delayed]
[jasurveying.com.au/wp-content/uploads/2021/05/property-development-subdivisions-small.jpg]
[jasurveying.com.au/wp-content/uploads/2021/05/buying-or-building-a-house-small.jpg]
[jasurveying.com.au/wp-content/uploads/2022/05/aerial-drone-surveyors-cooma.jpg]
[jasurveying.com.au/wp-content/uploads/2021/05/boundary-disputes-small.jpg]
[jasurveying.com.au/services/index.html]
[jasurveying.com.au/wp-content/et-cache/619/et-divi-dynamic-tb-195-619e737.css]
[jasurveying.com.au/wp-json/oembed/1.0/embed0527.json]
[jasurveying.com.au/wp-json/oembed/1.0/embed26ce]
[jasurveying.com.au/wp-content/et-cache/619/et-core-unified-619.mine737.css]
[jasurveying.com.au/wp-content/et-cache/619/et-core-unified-tb-195-deferred-619.mine737.css]
[jasurveying.com.au/wp-content/uploads/2022/05/aerial-drone-surveying-snowy-mountains.jpg]
[jasurveying.com.au/wp-content/uploads/2022/05/JAS88-DETAIL-20220203GS-drone-map-pic-2-copy.jpg]
[jasurveying.com.au/wp-content/uploads/2022/05/model-2.jpg]
[jasurveying.com.au/wp-content/uploads/2021/05/jack-atkinson-registered-surveying-1.jpg]
[jasurveying.com.au/services/aerial-drone-surveying/index.html]
[jasurveying.com.au/wp-content/et-cache/270/et-divi-dynamic-tb-195-2708a97.css]
[jasurveying.com.au/wp-json/oembed/1.0/embed3396.json]
[jasurveying.com.au/wp-json/oembed/1.0/embed4b6c]
[jasurveying.com.au/wp-content/uploads/2021/05/building-roads-civil-infrastructure.jpg]
[jasurveying.com.au/wp-content/et-cache/270/et-core-unified-270.min8a97.css]
[jasurveying.com.au/wp-content/et-cache/270/et-core-unified-tb-195-deferred-270.min8a97.css]
[jasurveying.com.au/wp-content/uploads/2021/05/snowy-mountains-surveying.jpg]
[jasurveying.com.au/services/building-roads-civil-infrastructure/index.html]
[jasurveying.com.au/wp-content/et-cache/266/et-divi-dynamic-tb-195-2665bdc.css]
[jasurveying.com.au/wp-json/oembed/1.0/embedc1fe.json]
[jasurveying.com.au/wp-json/oembed/1.0/embedd918]
[jasurveying.com.au/wp-content/uploads/2021/05/property-development-subdivisions.jpg]
[jasurveying.com.au/wp-content/et-cache/266/et-core-unified-266.min5bdc.css]
[jasurveying.com.au/services/property-development-subdivisions/index.html]
[jasurveying.com.au/wp-content/et-cache/266/et-core-unified-tb-195-deferred-266.min5bdc.css]
[jasurveying.com.au/wp-content/et-cache/268/et-divi-dynamic-tb-195-26855b1.css]
[jasurveying.com.au/wp-json/oembed/1.0/embed41fb.json]
[jasurveying.com.au/wp-json/oembed/1.0/embed5369]
[jasurveying.com.au/wp-content/uploads/2021/05/buying-or-building-a-house.jpg]
[jasurveying.com.au/wp-content/et-cache/268/et-core-unified-268.min55b1.css]
[jasurveying.com.au/wp-content/et-cache/268/et-core-unified-tb-195-deferred-268.mina269.css]
[jasurveying.com.au/wp-content/uploads/2021/05/jack-atkinson-expert-surveyor.jpg]
[jasurveying.com.au/services/buying-or-building-a-house/index.html]
[jasurveying.com.au/wp-content/et-cache/272/et-divi-dynamic-tb-195-272dd36.css]
[jasurveying.com.au/wp-json/oembed/1.0/embed3f0f.json]
[jasurveying.com.au/wp-json/oembed/1.0/embed0ce6]
[jasurveying.com.au/wp-content/uploads/2021/05/boundary-disputes.jpg]
[jasurveying.com.au/wp-content/et-cache/272/et-core-unified-272.mindd36.css]
[jasurveying.com.au/services/boundary-dispute/index.html]
[jasurveying.com.au/wp-content/et-cache/272/et-core-unified-tb-195-deferred-272.mindd36.css]
[jasurveying.com.au/wp-content/et-cache/260/et-divi-dynamic-tb-195-260-lated7b0.css]
[jasurveying.com.au/wp-content/et-cache/260/et-divi-dynamic-tb-195-260d7b0.css]
[jasurveying.com.au/wp-json/oembed/1.0/embed4131.json]
[jasurveying.com.au/wp-json/oembed/1.0/embed8da0]
[jasurveying.com.au/wp-content/et-cache/260/et-core-unified-260.minc49b.css]
[jasurveying.com.au/wp-content/et-cache/260/et-core-unified-tb-195-deferred-260.minc49b.css]
[jasurveying.com.au/wp-content/uploads/2021/05/professional-surveying-cooma.jpg]
[jasurveying.com.au/what-to-expect/index.html]
[jasurveying.com.au/wp-json/oembed/1.0/embede9b8.json]
[jasurveying.com.au/wp-json/oembed/1.0/embed07c2]
[jasurveying.com.au/wp-content/uploads/2022/12/FAQs-scaled-e1671423358511.jpg]
[jasurveying.com.au/wp-content/et-cache/262/et-core-unified-262.minc7e2.css]
[jasurveying.com.au/faq/index.html]
[jasurveying.com.au/wp-json/oembed/1.0/embedc7f5.json]
[jasurveying.com.au/wp-json/oembed/1.0/embed9394]
[jasurveying.com.au/wp-content/uploads/2022/12/Careers-page-scaled-e1671423621111.jpg]
[jasurveying.com.au/wp-content/et-cache/576/et-core-unified-576.minfe94.css]
[jasurveying.com.au/wp-content/uploads/2025/01/20241229_JAS-136-scaled.jpg]
[jasurveying.com.au/wp-content/uploads/2021/09/work-as-a-surveyor.jpg]
[jasurveying.com.au/wp-content/uploads/2021/09/building-surveyor-job.jpg]
[jasurveying.com.au/wp-content/uploads/2021/09/work-as-a-surveyor-cooma.jpg]
[jasurveying.com.au/wp-content/uploads/2021/09/Jack-Atkinson-Surveying-Culture-Statement.pdf]
[jasurveying.com.au/careers/index.html]
[jasurveying.com.au/contact/index.html]
[jasurveying.com.au/wp-content/uploads/2021/04/building-roads-civil-infrastructure.svg]
[jasurveying.com.au/wp-content/uploads/2021/04/property-development-subdivisions.svg]
[jasurveying.com.au/wp-content/uploads/2021/04/buying-building-house.svg]
[jasurveying.com.au/wp-content/uploads/2021/04/boundary-disputes.svg]
[jasurveying.com.au/wp-content/uploads/2021/04/phone.svg]
[jasurveying.com.au/wp-content/uploads/2021/04/email.svg]
[jasurveying.com.au/wp-content/uploads/2021/04/time.svg]
[jasurveying.com.au/wp-content/uploads/2021/04/facebook.svg]
[jasurveying.com.au/wp-content/uploads/2021/04/instagram.svg]
[jasurveying.com.au/wp-content/uploads/2021/04/linkedin.svg]
[jasurveying.com.au/wp-content/uploads/2021/04/location.svg]
[jasurveying.com.au/wp-content/plugins/cleantalk-spam-protect/css/images/good_email.svg]
[jasurveying.com.au/wp-content/plugins/cleantalk-spam-protect/css/images/bad_email.svg]
[jasurveying.com.au/wp-content/et-cache/256/et-divi-dynamic-tb-195-256e237.css]
[jasurveying.com.au/wp-json/wp/v2/pages/256.html]
[jasurveying.com.au/index03bd.html]
[jasurveying.com.au/wp-content/et-cache/256/et-core-unified-256.mine237.css]
[jasurveying.com.au/wp-content/et-cache/256/et-core-unified-tb-195-deferred-256.mine237.css]
[jasurveying.com.au/wp-content/et-cache/258/et-divi-dynamic-tb-195-258-late3ff1.css]
[jasurveying.com.au/wp-content/et-cache/258/et-divi-dynamic-tb-195-2583ff1.css]
[jasurveying.com.au/wp-json/wp/v2/pages/258.html]
[jasurveying.com.au/indexb773.html]
[jasurveying.com.au/wp-content/et-cache/258/et-core-unified-258.min0f53.css]
[jasurveying.com.au/wp-content/uploads/2021/05/snowy-mountains-surveyor.jpg]
[jasurveying.com.au/wp-content/et-cache/258/et-core-unified-tb-195-deferred-258.min0f53.css]
[jasurveying.com.au/services/building-roads-and-civil-infrastructure.html]
[jasurveying.com.au/services/property-development-and-subdivisions.html]
[jasurveying.com.au/wp-content/et-cache/619/et-divi-dynamic-tb-195-619e737.css]
[jasurveying.com.au/wp-json/wp/v2/pages/619.html]
[jasurveying.com.au/index7867.html]
[jasurveying.com.au/wp-content/et-cache/619/et-core-unified-619.mine737.css]
[jasurveying.com.au/wp-content/et-cache/619/et-core-unified-tb-195-deferred-619.mine737.css]
[jasurveying.com.au/wp-content/et-cache/270/et-divi-dynamic-tb-195-2708a97.css]
[jasurveying.com.au/wp-json/wp/v2/pages/270.html]
[jasurveying.com.au/index5295.html]
[jasurveying.com.au/wp-content/et-cache/270/et-core-unified-270.min8a97.css]
[jasurveying.com.au/wp-content/uploads/2021/05/jack-atkinson-registered-surveyor.jpg]
[jasurveying.com.au/wp-content/et-cache/270/et-core-unified-tb-195-deferred-270.min8a97.css]
[jasurveying.com.au/wp-content/et-cache/266/et-divi-dynamic-tb-195-2665bdc.css]
[jasurveying.com.au/wp-json/wp/v2/pages/266.html]
[jasurveying.com.au/index6543.html]
[jasurveying.com.au/wp-content/et-cache/266/et-core-unified-266.min5bdc.css]
[jasurveying.com.au/wp-content/et-cache/266/et-core-unified-tb-195-deferred-266.min5bdc.css]
[jasurveying.com.au/wp-content/et-cache/268/et-divi-dynamic-tb-195-26855b1.css]
[jasurveying.com.au/wp-json/wp/v2/pages/268.html]
[jasurveying.com.au/indexc524.html]
[jasurveying.com.au/wp-content/et-cache/268/et-core-unified-268.min55b1.css]
[jasurveying.com.au/wp-content/et-cache/268/et-core-unified-tb-195-deferred-268.mina269.css]
[jasurveying.com.au/wp-content/et-cache/272/et-divi-dynamic-tb-195-272dd36.css]
[jasurveying.com.au/wp-json/wp/v2/pages/272.html]
[jasurveying.com.au/indexcde3.html]
[jasurveying.com.au/wp-content/et-cache/272/et-core-unified-272.mindd36.css]
[jasurveying.com.au/wp-content/et-cache/272/et-core-unified-tb-195-deferred-272.mindd36.css]
[jasurveying.com.au/wp-content/et-cache/260/et-divi-dynamic-tb-195-260-lated7b0.css]
[jasurveying.com.au/wp-content/et-cache/260/et-divi-dynamic-tb-195-260d7b0.css]
[jasurveying.com.au/wp-json/wp/v2/pages/260.html]
[jasurveying.com.au/index8e1b.html]
[jasurveying.com.au/wp-content/et-cache/260/et-core-unified-260.minc49b.css]
[jasurveying.com.au/wp-content/uploads/2022/12/What-to-expect-actual.jpg]
[jasurveying.com.au/wp-content/et-cache/260/et-core-unified-tb-195-deferred-260.minc49b.css]
[jasurveying.com.au/wp-json/wp/v2/pages/262.html]
[jasurveying.com.au/index7d69.html]
[jasurveying.com.au/wp-content/et-cache/262/et-core-unified-262.minc7e2.css]
[jasurveying.com.au/wp-json/wp/v2/pages/576.html]
[jasurveying.com.au/indexaa4f.html]
[jasurveying.com.au/wp-content/et-cache/576/et-core-unified-576.minfe94.css]
